attribute.yaml
virtual_interface_var.yaml
let_decl.yaml
assertion.yaml
stmt.yaml
property_inst_spec_group.yaml
concurrent_assertion.yaml
process.yaml
always.yaml
final.yaml
initial.yaml
atomic_stmt.yaml
delay_control.yaml
delay_term.yaml
expr_sequence_inst_named_event_group.yaml
event_control.yaml
repeat_control.yaml
parameters.yaml
instance_item.yaml
scope.yaml
begin.yaml
named_begin.yaml
named_fork.yaml
fork.yaml
for.yaml
if_stmt.yaml
event_stmt.yaml
thread_obj.yaml
forever.yaml
expr_sequence_inst_group.yaml
waits.yaml
wait.yaml
wait_fork.yaml
ordered_wait.yaml
task_func_named_begin_fork_group.yaml
disables.yaml
disable.yaml
continue_stmt.yaml
break_stmt.yaml
return_stmt.yaml
while.yaml
repeat.yaml
do_while.yaml
if_else.yaml
case_stmt.yaml
force.yaml
assign_stmt.yaml
deassign.yaml
release.yaml
null_stmt.yaml
expect_stmt.yaml
variables_operation_group.yaml
foreach_stmt.yaml
interf_prog_mod_group.yaml
gen_scope.yaml
gen_var.yaml
gen_scope_array.yaml
expr_dist_group.yaml
assert.yaml
cover.yaml
assume.yaml
restrict.yaml
immediate_assert.yaml
immediate_assume.yaml
immediate_cover.yaml
expr.yaml
pattern.yaml
pattern_expr_group.yaml
case_item.yaml
interface_expr.yaml
expr_interf_expr_group.yaml
assignment.yaml
any_pattern.yaml
tagged_pattern.yaml
struct_pattern.yaml
unsupported_expr.yaml
unsupported_stmt.yaml

sequence_expr.yaml
sequence_expr_multiclock_group.yaml
named_event_sequence_expr_group.yaml
sequence_inst.yaml
seq_formal_decl.yaml
sequence_decl.yaml

property_expr.yaml
property_expr_named_event_group.yaml
prop_formal_decl.yaml
property_inst.yaml
property_spec.yaml
property_decl.yaml

clocked_property.yaml
case_property_item.yaml
case_property.yaml
multiclock_sequence_expr.yaml
clocked_seq.yaml
simple_expr_use_group.yaml
simple_expr.yaml
constant.yaml
let_expr.yaml
distribution.yaml
operand_group.yaml
operation.yaml
part_select.yaml
indexed_part_select.yaml
actual_group.yaml
ref_obj.yaml
var_select.yaml
bit_select.yaml
variable_drivers_group.yaml
variable_loads_group.yaml
variables.yaml
short_real_var.yaml
real_var.yaml
byte_var.yaml
short_int_var.yaml
int_var.yaml
long_int_var.yaml
integer_var.yaml
time_var.yaml
array_var.yaml
reg_array.yaml
reg.yaml
enum_struct_union_packed_var_group.yaml
packed_array_var.yaml
bit_var.yaml
logic_var.yaml
struct_var.yaml
union_var.yaml
enum_var.yaml
string_var.yaml
chandle_var.yaml
class_var.yaml
var_bit.yaml
task_func.yaml
task.yaml
function.yaml
modport.yaml
interface_tf_decl.yaml
cont_assign.yaml
cont_assign_bit.yaml
expr_ref_obj_group.yaml
ports.yaml
port.yaml
port_bit.yaml
primitive.yaml
mod_path.yaml
expr_tchk_term_group.yaml
tchk.yaml
range.yaml
udp_defn.yaml
ref_obj_interf_net_var_group.yaml
io_decl.yaml
alias_stmt.yaml
clocking_block.yaml
expr_typespec_group.yaml
param_assign.yaml
instance_array.yaml
interface_array.yaml
program_array.yaml
module_array.yaml
primitive_array.yaml
gate_array.yaml
switch_array.yaml
udp_array.yaml
typespec.yaml
net_drivers.yaml
net_loads.yaml
prim_term.yaml
path_term.yaml
tchk_term.yaml
nets.yaml
net_bit.yaml
net.yaml
struct_net.yaml
enum_net.yaml
integer_net.yaml
time_net.yaml
logic_net.yaml
array_net.yaml
enum_struct_packed_net_group.yaml
packed_array_net.yaml
event_typespec.yaml
named_event.yaml
named_event_array.yaml
parameter.yaml
def_param.yaml
spec_param.yaml
class_defn.yaml
class_obj.yaml
instance.yaml
interface.yaml
program.yaml
package.yaml
module.yaml
short_real_typespec.yaml
real_typespec.yaml
byte_typespec.yaml
short_int_typespec.yaml
int_typespec.yaml
long_int_typespec.yaml
integer_typespec.yaml
class_typespec.yaml
time_typespec.yaml
enum_typespec.yaml
string_typespec.yaml
struct_typespec.yaml
union_typespec.yaml
logic_typespec.yaml
enum_struct_union_packed_array_typespec_group.yaml
packed_array_typespec.yaml
array_typespec.yaml
void_typespec.yaml
sequence_typespec.yaml
property_typespec.yaml
interface_typespec.yaml
type_parameter.yaml
typespec_member.yaml
enum_const.yaml
bit_typespec.yaml
tf_call_args.yaml
tf_call.yaml
user_systf.yaml
sys_func_task_call_group.yaml
sys_func_call.yaml
sys_task_call.yaml
expr_constr_group.yaml
method_func_task_call_group.yaml
method_func_call.yaml
method_task_call.yaml
func_call.yaml
task_call.yaml
constraint.yaml
uhdm.yaml
