property_decl.yaml
sequence_decl.yaml
concurrent_assertion.yaml
virtual_interface_var.yaml
let_decl.yaml
stmt.yaml
process.yaml
always.yaml
final.yaml
initial.yaml
atomic_stmt.yaml
interface_expr.yaml
expr_interf_expr_group.yaml
delay_control.yaml
event_control.yaml
repeat_control.yaml
assignment.yaml
instance_item.yaml
scope.yaml
begin.yaml
named_begin.yaml
named_fork.yaml
fork.yaml
for.yaml
force.yaml
foreach_stmt.yaml
gen_scope.yaml
expr_dist_group.yaml
assertion.yaml
pattern.yaml
property_inst.yaml
sequence_inst.yaml
expr.yaml
simple_expr.yaml
constant.yaml
parameter.yaml
func_call.yaml
method_func_call.yaml
sys_func_call.yaml
let_expr.yaml
distribution.yaml
operand_group.yaml
operation.yaml
part_select.yaml
actual_group.yaml
ref_obj.yaml
var_select.yaml
bit_select.yaml
variable_drivers_group.yaml
variable_loads_group.yaml
variables.yaml
short_real_var.yaml
real_var.yaml
byte_var.yaml
short_int_var.yaml
int_var.yaml
long_int_var.yaml
integer_var.yaml
time_var.yaml
array_var.yaml
reg_array.yaml
reg.yaml
enum_struct_union_packed_var_group.yaml
packed_array_var.yaml
bit_var.yaml
logic_var.yaml
struct_var.yaml
union_var.yaml
enum_var.yaml
string_var.yaml
chandle_var.yaml
class_var.yaml
var_bit.yaml
task_func.yaml
task.yaml
function.yaml
modport.yaml
interface_tf_decl.yaml
cont_assign.yaml
cont_assign_bit.yaml
assign_stmt.yaml
expr_ref_obj_group.yaml
ports.yaml
port.yaml
port_bit.yaml
primitive.yaml
mod_path.yaml
tchk.yaml
def_param.yaml
range.yaml
udp_defn.yaml
ref_obj_interf_net_var_group.yaml
io_decl.yaml
alias_stmt.yaml
clocking_block.yaml
param_assign.yaml
instance_array.yaml
interface_array.yaml
program_array.yaml
module_array.yaml
primitive_array.yaml
gate_array.yaml
switch_array.yaml
udp_array.yaml
typespec.yaml
net_drivers.yaml
net_loads.yaml
prim_term.yaml
path_term.yaml
tchk_term.yaml
nets.yaml
net_bit.yaml
net.yaml
struct_net.yaml
enum_net.yaml
integer_net.yaml
time_net.yaml
logic_net.yaml
array_net.yaml
enum_struct_packed_net_group.yaml
packed_array_net.yaml
named_event.yaml
named_event_array.yaml
parameters.yaml
spec_param.yaml
class_defn.yaml
class_obj.yaml
instance.yaml
interface.yaml
program.yaml
package.yaml
module.yaml
short_real_typespec.yaml
real_typespec.yaml
byte_typespec.yaml
short_int_typespec.yaml
int_typespec.yaml
long_int_typespec.yaml
integer_typespec.yaml
class_typespec.yaml
time_typespec.yaml
enum_typespec.yaml
string_typespec.yaml
struct_typespec.yaml
union_typespec.yaml
logic_typespec.yaml
enum_struct_union_packed_array_typespec_group.yaml
packed_array_typespec.yaml
array_typespec.yaml
void_typespec.yaml
sequence_typespec.yaml
property_typespec.yaml
event_typespec.yaml
interface_typespec.yaml
type_parameter.yaml
typespec_member.yaml
enum_const.yaml
bit_typespec.yaml
uhdm.yaml
tf_call_args.yaml
sys_func_task_call_group.yaml
tf_call.yaml
