process.yaml
property_decl.yaml
sequence_decl.yaml
concurrent_assertion.yaml
virtual_interface_var.yaml
let_decl.yaml
stmt.yaml
scope.yaml
begin.yaml
named_begin.yaml
named_fork.yaml
fork.yaml
for.yaml
foreach_stmt.yaml
gen_scope.yaml
expr_dist_group.yaml
expr.yaml
distribution.yaml
operand_group.yaml
operation.yaml
ref_obj.yaml
variables.yaml
task_func.yaml
task.yaml
function.yaml
modport.yaml
interface_tf_decl.yaml
cont_assign.yaml
port.yaml
primitive.yaml
mod_path.yaml
tchk.yaml
def_param.yaml
io_decl.yaml
alias_stmt.yaml
clocking_block.yaml
range.yaml
param_assign.yaml
instance_array.yaml
interface_array.yaml
program_array.yaml
module_array.yaml
primitive_array.yaml
gate_array.yaml
switch_array.yaml
udp_array.yaml
net.yaml
array_net.yaml
logic_var.yaml
array_var.yaml
named_event.yaml
named_event_array.yaml
parameters.yaml
spec_param.yaml
assertion.yaml
typespec.yaml
class_defn.yaml
class_typespec.yaml
class_obj.yaml
#instance_item.yaml
instance.yaml
interface.yaml
program.yaml
package.yaml
module.yaml
uhdm.yaml
